
── biome ── pnpm exec biome check --error-on-warnings .
Checked 99 files in 47ms. No fixes applied.

── tsc ── pnpm exec tsc --noEmit -p tsconfig.json

── tsc:packages ── pnpm exec turbo run typecheck

   • Packages in scope: @liminal/analysis, @liminal/brain, @liminal/composition, @liminal/conductor, @liminal/engine, @liminal/protocol, @liminal/score, desktop
   • Running typecheck in 8 packages
   • Remote caching disabled

@liminal/engine:typecheck: cache hit, replaying logs 4b60dfb2504b570b
@liminal/protocol:typecheck: cache hit, replaying logs d97d493b91bc0934
desktop:typecheck: cache hit, replaying logs f867eb4375f78c84
@liminal/brain:typecheck: cache hit, replaying logs b4e23b9e1aeec6a1
@liminal/composition:typecheck: cache hit, replaying logs a66c782e200e7c40
@liminal/conductor:typecheck: cache hit, replaying logs dc5cc1a73d12b65b
@liminal/analysis:typecheck: cache hit, replaying logs 5cad8ae7b6f39a30
@liminal/score:typecheck: cache hit, replaying logs 019fa6a6808037ac
@liminal/protocol:typecheck: $ tsc --noEmit -p tsconfig.json
@liminal/engine:typecheck: $ tsc --noEmit -p tsconfig.json
@liminal/composition:typecheck: $ tsc --noEmit -p tsconfig.json
@liminal/conductor:typecheck: $ tsc --noEmit -p tsconfig.json
desktop:typecheck: $ tsc --noEmit -p tsconfig.json
@liminal/score:typecheck: $ tsc --noEmit -p tsconfig.json
@liminal/brain:typecheck: $ tsc --noEmit -p tsconfig.json
@liminal/analysis:typecheck: $ tsc --noEmit -p tsconfig.json

 Tasks:    8 successful, 8 total
Cached:    8 cached, 8 total
  Time:    21ms >>> FULL TURBO


── vitest ── pnpm exec vitest run

 RUN  v4.1.11 /Users/nathan/Documents/dev/liminal

wall-clock tests skipped: set LIMINAL_AUDIO_DEVICE=1 to run them against the real device

 Test Files  15 passed | 1 skipped (16)
      Tests  208 passed | 5 skipped (213)
   Start at  10:48:28
   Duration  13.59s (transform 1.09s, setup 202ms, import 1.83s, tests 13.46s, environment 1ms)


── ruff ── uv run --directory tools ruff check .
All checks passed!

── mypy ── uv run --directory tools mypy
Success: no issues found in 28 source files

── pytest ── uv run --directory tools pytest
============================= test session starts ==============================
platform darwin -- Python 3.12.13, pytest-9.1.1, pluggy-1.6.0
rootdir: /Users/nathan/Documents/dev/liminal/tools
configfile: pyproject.toml
testpaths: tests
collected 47 items

tests/test_analyzer_worker.py ....                                       [  8%]
tests/test_deliver.py ...............                                    [ 40%]
tests/test_frontmatter.py ....                                           [ 48%]
tests/test_move_and_open.py ..........                                   [ 70%]
tests/test_sync.py ..............                                        [100%]

============================== 47 passed in 0.76s ==============================

── check summary ──
pass  biome
pass  tsc
pass  tsc:packages
pass  vitest
pass  ruff
pass  mypy
pass  pytest
7/7 passed
$ node scripts/check.mjs
• turbo 2.10.12
